
> cash-home-buyer-website@2.0.0 start
> node Server.js

MongoDB URI loaded for host: cluster0.usyqf38.mongodb.net
MongoDB database: uscashbuyers
MongoDB SRV DNS resolvers: 1.1.1.1, 1.0.0.1, 8.8.8.8, 8.8.4.4
Email credentials loaded for: clifford020005@gmail.com
ClickSend credentials loaded for: orfanelpsalm@gmail.com
MongoDB connection attempt 1/3
Mongoose connected successfully
Connected to MongoDB Atlas.
Database: uscashbuyers
Host: ac-uol9t8p-shard-00-00.usyqf38.mongodb.net
Found 2 admin(s) in database
Server running: http://localhost:5000
Admin panel: http://localhost:5000/pages/admin/admin-login.html
User connected via WebSocket
GET /api/health
POST /api/leads
GET /api/leads/stats/summary
📧 Email sent: <4eadc403-1e8b-cebc-995d-63f6529b0919@gmail.com>
📧 Email sent: <a14d630b-385c-1cf7-5fdd-c62d0c43335c@gmail.com>
📱 sendLeadSmsConfirmation called for: Test Lead
   Phone: 5551234567
   SMS Consent: false
📱 sendAdminSmsNotification called
   Admin Phone: +639683214615
📝 Admin message: New Lead: Test Lead, 5551234567, Property: 123 Test St, Test City, TX 75001.
📱 sendSMS called with: { to: '+639683214615', messageLength: 76, from: null }
📤 Sending SMS payload: {
  "messages": [
    {
      "source": "cash-home-buyer",
      "to": "+639683214615",
      "body": "New Lead: Test Lead, 5551234567, Property: 123 Test St, Test City, TX 75001.",
      "from": "HomeSell"
    }
  ]
}
✅ SMS sent successfully: {
  to: '+639683214615',
  body: 'New Lead: Test Lead, 5551234567, Property: 123 Test St, Test City, TX 75001.',
  from: 'ClickSend',
  schedule: '',
  message_id: '1F195EE8-87C1-6212-8BC8-2963231D210D',
  message_parts: 1,
  message_price: '0.4428',
  custom_string: '',
  is_shared_system_number: false,
  country: 'PH',
  carrier: 'Smart',
  status: 'INSUFFICIENT_CREDIT'
}
GET /pages/sell-your-house/sell.html
GET /pages/sell-your-house/assets/css/style.css
GET /pages/sell-your-house/assets/css/form.css
GET /pages/sell-your-house/assets/js/Main.js
GET /pages/sell-your-house/assets/js/Form.js
GET /pages/sell-your-house/assets/img/LOGO%20(2).png
GET /favicon.ico
POST /api/leads
GET /api/leads/stats/summary
📧 Email sent: <e8bbe4c8-dbe0-d4da-a6d4-6764079c89e6@gmail.com>
📧 Email sent: <ba4cb241-890a-2689-9b8b-3ea1a5065ea4@gmail.com>
📱 sendLeadSmsConfirmation called for: Madara Uchiha
   Phone: 5551925833
   SMS Consent: false
📱 sendAdminSmsNotification called
   Admin Phone: +639683214615
📝 Admin message: New Lead: Madara Uchiha, 5551925833, Property: 73 Uzumaki Street, Naruto 55 Ave JP 4418.
📱 sendSMS called with: { to: '+639683214615', messageLength: 88, from: null }
📤 Sending SMS payload: {
  "messages": [
    {
      "source": "cash-home-buyer",
      "to": "+639683214615",
      "body": "New Lead: Madara Uchiha, 5551925833, Property: 73 Uzumaki Street, Naruto 55 Ave JP 4418.",
      "from": "HomeSell"
    }
  ]
}
✅ SMS sent successfully: {
  to: '+639683214615',
  body: 'New Lead: Madara Uchiha, 5551925833, Property: 73 Uzumaki Street, Naruto 55 Ave JP 4418.',
  from: 'ClickSend',
  schedule: '',
  message_id: '1F195EEA-DDEE-6AB6-B5C4-3720F618C382',
  message_parts: 1,
  message_price: '0.4428',
  custom_string: '',
  is_shared_system_number: false,
  country: 'PH',
  carrier: 'Smart',
  status: 'INSUFFICIENT_CREDIT'
}
GET /robots.txt
GET /
GET /
GET /
GET /cash-home-buyer-website/assets/js/Form.js
GET /
GET /
GET /cash-home-buyer-website/assets/js/Form.js
GET /?fbclid=IwcGRvZgRleHRuA2FlbQIxMQBzcnRjBmFwcF9pZAwyNTYyODEwNDA1NTgAAR5xerq6FTQjiQyMvuRqcVU20b_R1nMyhFO2QWqmsDT_nKv_XOvlb1H7diCO9Q_aem_0tMCzb1YVhbcb__J4tYO5Q
GET /?fbclid=IwY2xjawTorstwZG9mBWV4dG4DYWVtAjEwAGJyaWQRMW1zbW9LZ0tJTDZXSFljRkNzcnRjBmFwcF9pZBAyMjIwMzkxNzg4MjAwODkyAAEeeXl7ky9ObQCY0jLJKISjYcze4teuzYx8Vw05mm0OGpRpwSBFeR7CXXbYfO4_aem_WkEzxX4iKY_nvNh0zfpEWQ
GET /?fbclid=IwcGRvZgRleHRuA2FlbQIxMQBzcnRjBmFwcF9pZAwyNTYyODEwNDA1NTgAAR6WKbjnxcF0jB6XR3zA12SXEhfkmKO-cp6P2Sn9FW5qJUhxihHicmGyO1aNaA_aem_neSjQr5iJjHC46WDXW-FRw
GET /
GET /
User disconnected
